// Jest Snapshot v1, https://goo.gl/fbAQLP

exports[`BgDefault should match snapshot 1`] = `
{
  "children": "Test Children",
}
`;
